node.exe : [36mÔáï[39m Generating browser application bundles (phase: setup)...[36mÔáÖ[39m Generating browser application bundles (phase: 
setup)...[36mÔá╣[39m Generating browser application bundles (phase: building)...[36mÔá©[39m Generating browser application bundles 
(phase: building)...[36mÔá╝[39m Generating browser application bundles (phase: building)...[36mÔá┤[39m Generating browser application 
bundles (phase: building)...[36mÔáª[39m Generating browser application bundles (phase: building)...[36mÔáº[39m Generating browser 
application bundles (phase: building)...[36mÔáç[39m Generating browser application bundles (phase: building)...[36mÔáÅ[39m Generating 
browser application bundles (phase: building)...[36mÔáï[39m Generating browser application bundles (phase: sealing)...[36mÔáÖ[39m 
Generating browser application bundles (phase: sealing)...[32mÔ£ö[39m Browser application bundle generation complete.
Au caractère C:\Users\oumai\AppData\Roaming\npm\ng.ps1:24 : 5
+     & "node$exe"  "$basedir/node_modules/@angular/cli/bin/ng.js" $arg ...
+     ~~~~~~~~~~~~~~~~~~~~~~~~~~~~~~~~~~~~~~~~~~~~~~~~~~~~~~~~~~~~~~~~~
    + CategoryInfo          : NotSpecified: ([36mÔáï[39m G...ation complete.:String) [], RemoteException
    + FullyQualifiedErrorId : NativeCommandError
 
[1m[31m[39m[22m
[1m[31m[0m[91mError: [39m[31m[0m[96msrc/app/Residences/residence-details/residence-details.component.html[0m:[93m4[0m:[93m9[0m - 
[91merror[0m[90m NG8002: [0mCan't bind to 'routerLink' since it isn't a known property of 'button'.[39m[22m
[1m[31m[39m[22m
[1m[31m[7m4[0m <button [routerLink]="['/add-residence']">Add Residence</button>[39m[22m
[1m[31m[7m [0m [91m        ~~~~~~~~~~~~~~~~~~~~~~~~~~~~~~~~~[0m[39m[22m
[1m[31m[39m[22m
[1m[31m  [96msrc/app/Residences/residence-details/residence-details.component.ts[0m:[93m8[0m:[93m16[0m[39m[22m
[1m[31m    [7m8[0m   templateUrl: './residence-details.component.html',[39m[22m
[1m[31m    [7m [0m [96m               ~~~~~~~~~~~~~~~~~~~~~~~~~~~~~~~~~~~~[0m[39m[22m
[1m[31m    Error occurs in the template of component ResidenceDetailsComponent.[39m[22m
[1m[31m[39m[22m
[1m[31m[39m[22m
[1m[31m[0m[91mError: [39m[31m[0m[96msrc/app/Residences/residence-details/residence-details.component.html[0m:[93m5[0m:[93m9[0m - 
[91merror[0m[90m NG8002: [0mCan't bind to 'routerLink' since it isn't a known property of 'button'.[39m[22m
[1m[31m[39m[22m
[1m[31m[7m5[0m <button [routerLink]="['/update-residence', residence.id]">Update Residence</button>[39m[22m
[1m[31m[7m [0m [91m        ~~~~~~~~~~~~~~~~~~~~~~~~~~~~~~~~~~~~~~~~~~~~~~~~~~[0m[39m[22m
[1m[31m[39m[22m
[1m[31m  [96msrc/app/Residences/residence-details/residence-details.component.ts[0m:[93m8[0m:[93m16[0m[39m[22m
[1m[31m    [7m8[0m   templateUrl: './residence-details.component.html',[39m[22m
[1m[31m    [7m [0m [96m               ~~~~~~~~~~~~~~~~~~~~~~~~~~~~~~~~~~~~[0m[39m[22m
[1m[31m    Error occurs in the template of component ResidenceDetailsComponent.[39m[22m
[1m[31m[39m[22m
[1m[31m[39m[22m
[1m[31m[0m[91mError: [39m[31m[0m[96msrc/app/Residences/residence-details/residence-details.component.ts[0m:[93m22[0m:[93m27[0m - 
[91merror[0m[90m TS2339: [0mProperty 'getResidences' does not exist on type 'ResidenceService'.[39m[22m
[1m[31m[39m[22m
[1m[31m[7m22[0m     this.residenceService.getResidences(id).subscribe((data) => {[39m[22m
[1m[31m[7m  [0m [91m                          ~~~~~~~~~~~~~[0m[39m[22m
[1m[31m[39m[22m
[1m[31m[39m[22m
[1m[31m[0m[91mError: [39m[31m[0m[96msrc/app/Residences/residence-details/residence-details.component.ts[0m:[93m22[0m:[93m56[0m - 
[91merror[0m[90m TS7006: [0mParameter 'data' implicitly has an 'any' type.[39m[22m
[1m[31m[39m[22m
[1m[31m[7m22[0m     this.residenceService.getResidences(id).subscribe((data) => {[39m[22m
[1m[31m[7m  [0m [91m                                                       ~~~~[0m[39m[22m
[1m[31m[39m[22m
[1m[31m[39m[22m
[1m[31m[0m[91mError: [39m[31m[0m[96msrc/app/Residences/residences/residences.component.html[0m:[93m3[0m:[93m13[0m - 
[91merror[0m[90m NG8002: [0mCan't bind to 'routerLink' since it isn't a known property of 'button'.[39m[22m
[1m[31m[39m[22m
[1m[31m[7m3[0m     <button [routerLink]="['/apartments-by-residence', residence.id]">Appartements List</button>[39m[22m
[1m[31m[7m [0m [91m            ~~~~~~~~~~~~~~~~~~~~~~~~~~~~~~~~~~~~~~~~~~~~~~~~~~~~~~~~~[0m[39m[22m
[1m[31m[39m[22m
[1m[31m  [96msrc/app/Residences/residences/residences.component.ts[0m:[93m5[0m:[93m16[0m[39m[22m
[1m[31m    [7m5[0m   templateUrl: './residences.component.html',[39m[22m
[1m[31m    [7m [0m [96m               ~~~~~~~~~~~~~~~~~~~~~~~~~~~~~[0m[39m[22m
[1m[31m    Error occurs in the template of component ResidencesComponent.[39m[22m
[1m[31m[39m[22m
[1m[31m[39m[22m
[1m[31m[0m[91mError: [39m[31m[0m[96msrc/app/home/home.component.html[0m:[93m5[0m:[93m11[0m - [91merror[0m[90m NG8002: 
[0mCan't bind to 'routerLink' since it isn't a known property of 'button'.[39m[22m
[1m[31m[39m[22m
[1m[31m[7m5[0m   <button [routerLink]="['/residence', residence.id]">D├®tails</button>[39m[22m
[1m[31m[7m [0m [91m          ~~~~~~~~~~~~~~~~~~~~~~~~~~~~~~~~~~~~~~~~~~~[0m[39m[22m
[1m[31m[39m[22m
[1m[31m  [96msrc/app/home/home.component.ts[0m:[93m9[0m:[93m16[0m[39m[22m
[1m[31m    [7m9[0m   templateUrl: './home.component.html',[39m[22m
[1m[31m    [7m [0m [96m               ~~~~~~~~~~~~~~~~~~~~~~~[0m[39m[22m
[1m[31m    Error occurs in the template of component HomeComponent.[39m[22m
[1m[31m[39m[22m
[1m[31m[39m[22m
[1m[31m[0m[91mError: [39m[31m[0m[96msrc/app/home/home.component.ts[0m:[93m4[0m:[93m10[0m - [91merror[0m[90m TS2300: 
[0mDuplicate identifier 'Inject'.[39m[22m
[1m[31m[39m[22m
[1m[31m[7m4[0m import { Inject } from '@angular/core';[39m[22m
[1m[31m[7m [0m [91m         ~~~~~~[0m[39m[22m
[1m[31m[39m[22m
[1m[31m[39m[22m
[1m[31m[0m[91mError: [39m[31m[0m[96msrc/app/home/home.component.ts[0m:[93m5[0m:[93m10[0m - [91merror[0m[90m TS2300: 
[0mDuplicate identifier 'Inject'.[39m[22m
[1m[31m[39m[22m
[1m[31m[7m5[0m import { Inject } from '@angular/core';[39m[22m
[1m[31m[7m [0m [91m         ~~~~~~[0m[39m[22m
[1m[31m[39m[22m
[1m[31m[39m[22m
[1m[31m[0m[91mError: [39m[31m[0m[96msrc/app/home/home.component.ts[0m:[93m18[0m:[93m27[0m - [91merror[0m[90m TS2339: 
[0mProperty 'getResidences' does not exist on type 'ResidenceService'.[39m[22m
[1m[31m[39m[22m
[1m[31m[7m18[0m     this.residenceService.getResidences().subscribe((data) => {[39m[22m
[1m[31m[7m  [0m [91m                          ~~~~~~~~~~~~~[0m[39m[22m
[1m[31m[39m[22m
[1m[31m[39m[22m
[1m[31m[0m[91mError: [39m[31m[0m[96msrc/app/home/home.component.ts[0m:[93m18[0m:[93m54[0m - [91merror[0m[90m TS7006: 
[0mParameter 'data' implicitly has an 'any' type.[39m[22m
[1m[31m[39m[22m
[1m[31m[7m18[0m     this.residenceService.getResidences().subscribe((data) => {[39m[22m
[1m[31m[7m  [0m [91m                                                     ~~~~[0m[39m[22m
[1m[31m[39m[22m
[1m[31m[39m[22m
[1m[31m[39m[22m
[36mÔáï[39m Generating browser application bundles...[36mÔáÖ[39m Generating browser application bundles (phase: building)...[36mÔá╣[39m 
Generating browser application bundles (phase: building)...[36mÔá©[39m Generating browser application bundles (phase: 
building)...[36mÔá╝[39m Generating browser application bundles (phase: sealing)...[32mÔ£ö[39m Browser application bundle generation 
complete.
[1m[31m[39m[22m
[1m[31m[0m[91mError: [39m[31m[0m[96msrc/app/Residences/residence-details/residence-details.component.html[0m:[93m4[0m:[93m9[0m - 
[91merror[0m[90m NG8002: [0mCan't bind to 'routerLink' since it isn't a known property of 'button'.[39m[22m
[1m[31m[39m[22m
[1m[31m[7m4[0m <button [routerLink]="['/add-residence']">Add Residence</button>[39m[22m
[1m[31m[7m [0m [91m        ~~~~~~~~~~~~~~~~~~~~~~~~~~~~~~~~~[0m[39m[22m
[1m[31m[39m[22m
[1m[31m  [96msrc/app/Residences/residence-details/residence-details.component.ts[0m:[93m8[0m:[93m16[0m[39m[22m
[1m[31m    [7m8[0m   templateUrl: './residence-details.component.html',[39m[22m
[1m[31m    [7m [0m [96m               ~~~~~~~~~~~~~~~~~~~~~~~~~~~~~~~~~~~~[0m[39m[22m
[1m[31m    Error occurs in the template of component ResidenceDetailsComponent.[39m[22m
[1m[31m[39m[22m
[1m[31m[39m[22m
[1m[31m[0m[91mError: [39m[31m[0m[96msrc/app/Residences/residence-details/residence-details.component.html[0m:[93m5[0m:[93m9[0m - 
[91merror[0m[90m NG8002: [0mCan't bind to 'routerLink' since it isn't a known property of 'button'.[39m[22m
[1m[31m[39m[22m
[1m[31m[7m5[0m <button [routerLink]="['/update-residence', residence.id]">Update Residence</button>[39m[22m
[1m[31m[7m [0m [91m        ~~~~~~~~~~~~~~~~~~~~~~~~~~~~~~~~~~~~~~~~~~~~~~~~~~[0m[39m[22m
[1m[31m[39m[22m
[1m[31m  [96msrc/app/Residences/residence-details/residence-details.component.ts[0m:[93m8[0m:[93m16[0m[39m[22m
[1m[31m    [7m8[0m   templateUrl: './residence-details.component.html',[39m[22m
[1m[31m    [7m [0m [96m               ~~~~~~~~~~~~~~~~~~~~~~~~~~~~~~~~~~~~[0m[39m[22m
[1m[31m    Error occurs in the template of component ResidenceDetailsComponent.[39m[22m
[1m[31m[39m[22m
[1m[31m[39m[22m
[1m[31m[0m[91mError: [39m[31m[0m[96msrc/app/Residences/residence-details/residence-details.component.ts[0m:[93m22[0m:[93m27[0m - 
[91merror[0m[90m TS2339: [0mProperty 'getResidences' does not exist on type 'ResidenceService'.[39m[22m
[1m[31m[39m[22m
[1m[31m[7m22[0m     this.residenceService.getResidences(id).subscribe((data) => {[39m[22m
[1m[31m[7m  [0m [91m                          ~~~~~~~~~~~~~[0m[39m[22m
[1m[31m[39m[22m
[1m[31m[39m[22m
[1m[31m[0m[91mError: [39m[31m[0m[96msrc/app/Residences/residence-details/residence-details.component.ts[0m:[93m22[0m:[93m56[0m - 
[91merror[0m[90m TS7006: [0mParameter 'data' implicitly has an 'any' type.[39m[22m
[1m[31m[39m[22m
[1m[31m[7m22[0m     this.residenceService.getResidences(id).subscribe((data) => {[39m[22m
[1m[31m[7m  [0m [91m                                                       ~~~~[0m[39m[22m
[1m[31m[39m[22m
[1m[31m[39m[22m
[1m[31m[0m[91mError: [39m[31m[0m[96msrc/app/app-routing.module.ts[0m:[93m1[0m:[93m15[0m - [91merror[0m[90m TS2304: [0mCannot 
find name 'Routes'.[39m[22m
[1m[31m[39m[22m
[1m[31m[7m1[0m const routes: Routes = [[39m[22m
[1m[31m[7m [0m [91m              ~~~~~~[0m[39m[22m
[1m[31m[39m[22m
[1m[31m[39m[22m
[1m[31m[0m[91mError: [39m[31m[0m[96msrc/app/app-routing.module.ts[0m:[93m3[0m:[93m30[0m - [91merror[0m[90m TS2304: [0mCannot 
find name 'HomeComponent'.[39m[22m
[1m[31m[39m[22m
[1m[31m[7m3[0m   { path: 'home', component: HomeComponent },[39m[22m
[1m[31m[7m [0m [91m                             ~~~~~~~~~~~~~[0m[39m[22m
[1m[31m[39m[22m
[1m[31m[39m[22m
[1m[31m[0m[91mError: [39m[31m[0m[96msrc/app/app-routing.module.ts[0m:[93m4[0m:[93m36[0m - [91merror[0m[90m TS2304: [0mCannot 
find name 'ResidencesComponent'.[39m[22m
[1m[31m[39m[22m
[1m[31m[7m4[0m   { path: 'residences', component: ResidencesComponent },[39m[22m
[1m[31m[7m [0m [91m                                   ~~~~~~~~~~~~~~~~~~~[0m[39m[22m
[1m[31m[39m[22m
[1m[31m[39m[22m
[1m[31m[0m[91mError: [39m[31m[0m[96msrc/app/app-routing.module.ts[0m:[93m5[0m:[93m47[0m - [91merror[0m[90m TS2304: [0mCannot 
find name 'ResidenceDetailsComponent'.[39m[22m
[1m[31m[39m[22m
[1m[31m[7m5[0m   { path: 'residence-details/:id', component: ResidenceDetailsComponent },[39m[22m
[1m[31m[7m [0m [91m                                              ~~~~~~~~~~~~~~~~~~~~~~~~~[0m[39m[22m
[1m[31m[39m[22m
[1m[31m[39m[22m
[1m[31m[0m[91mError: [39m[31m[0m[96msrc/app/app-routing.module.ts[0m:[93m6[0m:[93m39[0m - [91merror[0m[90m TS2304: [0mCannot 
find name 'AddResidenceComponent'.[39m[22m
[1m[31m[39m[22m
[1m[31m[7m6[0m   { path: 'add-residence', component: AddResidenceComponent },[39m[22m
[1m[31m[7m [0m [91m                                      ~~~~~~~~~~~~~~~~~~~~~[0m[39m[22m
[1m[31m[39m[22m
[1m[31m[39m[22m
[1m[31m[0m[91mError: [39m[31m[0m[96msrc/app/app-routing.module.ts[0m:[93m7[0m:[93m36[0m - [91merror[0m[90m TS2304: [0mCannot 
find name 'ApartmentsComponent'.[39m[22m
[1m[31m[39m[22m
[1m[31m[7m7[0m   { path: 'apartments', component: ApartmentsComponent },[39m[22m
[1m[31m[7m [0m [91m                                   ~~~~~~~~~~~~~~~~~~~[0m[39m[22m
[1m[31m[39m[22m
[1m[31m[39m[22m
[1m[31m[0m[91mError: [39m[31m[0m[96msrc/app/app-routing.module.ts[0m:[93m8[0m:[93m62[0m - [91merror[0m[90m TS2304: [0mCannot 
find name 'ApartmentsByResidenceComponent'.[39m[22m
[1m[31m[39m[22m
[1m[31m[7m8[0m   { path: 'apartments-by-residence/:residenceId', component: ApartmentsByResidenceComponent },[39m[22m
[1m[31m[7m [0m [91m                                                             ~~~~~~~~~~~~~~~~~~~~~~~~~~~~~~[0m[39m[22m
[1m[31m[39m[22m
[1m[31m[39m[22m
[1m[31m[0m[91mError: [39m[31m[0m[96msrc/app/app-routing.module.ts[0m:[93m9[0m:[93m28[0m - [91merror[0m[90m TS2304: [0mCannot 
find name 'NotFoundComponent'.[39m[22m
[1m[31m[39m[22m
[1m[31m[7m9[0m   { path: '**', component: NotFoundComponent } // page 404[39m[22m
[1m[31m[7m [0m [91m                           ~~~~~~~~~~~~~~~~~[0m[39m[22m
[1m[31m[39m[22m
[1m[31m[39m[22m
[1m[31m[0m[91mError: [39m[31m[0m[96msrc/app/app.module.ts[0m:[93m4[0m:[93m34[0m - [91merror[0m[90m TS2306: [0mFile 
'C:/Users/oumai/Desktop/semestre 2/Angular/AngularProject/src/app/app-routing.module.ts' is not a module.[39m[22m
[1m[31m[39m[22m
[1m[31m[7m4[0m import { AppRoutingModule } from './app-routing.module';[39m[22m
[1m[31m[7m [0m [91m                                 ~~~~~~~~~~~~~~~~~~~~~~[0m[39m[22m
[1m[31m[39m[22m
[1m[31m[39m[22m
[1m[31m[0m[91mError: [39m[31m[0m[96msrc/app/app.module.ts[0m:[93m17[0m:[93m12[0m - [91merror[0m[90m NG1010: 
[0mValue[39m[22m
[1m[31m[39m[22m
[1m[31m[0m[91mError: [39m[31m[0m[96msrc/app/home/home.component.html[0m:[93m5[0m:[93m11[0m - [91merror[0m[90m NG8002: 
[0mCan't bind to 'routerLink' since it isn't a known property of 'button'.[39m[22m
[1m[31m[39m[22m
[1m[31m[7m5[0m   <button [routerLink]="['/residence', residence.id]">D├®tails</button>[39m[22m
[1m[31m[7m [0m [91m          ~~~~~~~~~~~~~~~~~~~~~~~~~~~~~~~~~~~~~~~~~~~[0m[39m[22m
[1m[31m[39m[22m
[1m[31m  [96msrc/app/home/home.component.ts[0m:[93m9[0m:[93m16[0m[39m[22m
[1m[31m    [7m9[0m   templateUrl: './home.component.html',[39m[22m
[1m[31m    [7m [0m [96m               ~~~~~~~~~~~~~~~~~~~~~~~[0m[39m[22m
[1m[31m    Error occurs in the template of component HomeComponent.[39m[22m
[1m[31m[39m[22m
[1m[31m[39m[22m
[1m[31m[0m[91mError: [39m[31m[0m[96msrc/app/home/home.component.ts[0m:[93m4[0m:[93m10[0m - [91merror[0m[90m TS2300: 
[0mDuplicate identifier 'Inject'.[39m[22m
[1m[31m[39m[22m
[1m[31m[7m4[0m import { Inject } from '@angular/core';[39m[22m
[1m[31m[7m [0m [91m         ~~~~~~[0m[39m[22m
[1m[31m[39m[22m
[1m[31m[39m[22m
[1m[31m[0m[91mError: [39m[31m[0m[96msrc/app/home/home.component.ts[0m:[93m5[0m:[93m10[0m - [91merror[0m[90m TS2300: 
[0mDuplicate identifier 'Inject'.[39m[22m
[1m[31m[39m[22m
[1m[31m[7m5[0m import { Inject } from '@angular/core';[39m[22m
[1m[31m[7m [0m [91m         ~~~~~~[0m[39m[22m
[1m[31m[39m[22m
[1m[31m[39m[22m
[1m[31m[0m[91mError: [39m[31m[0m[96msrc/app/home/home.component.ts[0m:[93m18[0m:[93m27[0m - [91merror[0m[90m TS2339: 
[0mProperty 'getResidences' does not exist on type 'ResidenceService'.[39m[22m
[1m[31m[39m[22m
[1m[31m[7m18[0m     this.residenceService.getResidences().subscribe((data) => {[39m[22m
[1m[31m[7m  [0m [91m                          ~~~~~~~~~~~~~[0m[39m[22m
[1m[31m[39m[22m
[1m[31m[39m[22m
[1m[31m[0m[91mError: [39m[31m[0m[96msrc/app/home/home.component.ts[0m:[93m18[0m:[93m54[0m - [91merror[0m[90m TS7006: 
[0mParameter 'data' implicitly has an 'any' type.[39m[22m
[1m[31m[39m[22m
[1m[31m[7m18[0m     this.residenceService.getResidences().subscribe((data) => {[39m[22m
[1m[31m[7m  [0m [91m                                                     ~~~~[0m[39m[22m
[1m[31m[39m[22m
[1m[31m[39m[22m
[1m[31m[39m[22m
[36mÔáï[39m Generating browser application bundles...[36mÔáÖ[39m Generating browser application bundles (phase: building)...[36mÔá╣[39m 
Generating browser application bundles (phase: sealing)...[32mÔ£ö[39m Browser application bundle generation complete.
[1m[31m[39m[22m
[1m[31m[0m[91mError: [39m[31m[0m[96msrc/app/Residences/residence-details/residence-details.component.html[0m:[93m4[0m:[93m9[0m - 
[91merror[0m[90m NG8002: [0mCan't bind to 'routerLink' since it isn't a known property of 'button'.[39m[22m
[1m[31m[39m[22m
[1m[31m[7m4[0m <button [routerLink]="['/add-residence']">Add Residence</button>[39m[22m
[1m[31m[7m [0m [91m        ~~~~~~~~~~~~~~~~~~~~~~~~~~~~~~~~~[0m[39m[22m
[1m[31m[39m[22m
[1m[31m  [96msrc/app/Residences/residence-details/residence-details.component.ts[0m:[93m8[0m:[93m16[0m[39m[22m
[1m[31m    [7m8[0m   templateUrl: './residence-details.component.html',[39m[22m
[1m[31m    [7m [0m [96m               ~~~~~~~~~~~~~~~~~~~~~~~~~~~~~~~~~~~~[0m[39m[22m
[1m[31m    Error occurs in the template of component ResidenceDetailsComponent.[39m[22m
[1m[31m[39m[22m
[1m[31m[39m[22m
[1m[31m[0m[91mError: [39m[31m[0m[96msrc/app/Residences/residence-details/residence-details.component.html[0m:[93m5[0m:[93m9[0m - 
[91merror[0m[90m NG8002: [0mCan't bind to 'routerLink' since it isn't a known property of 'button'.[39m[22m
[1m[31m[39m[22m
[1m[31m[7m5[0m <button [routerLink]="['/update-residence', residence.id]">Update Residence</button>[39m[22m
[1m[31m[7m [0m [91m        ~~~~~~~~~~~~~~~~~~~~~~~~~~~~~~~~~~~~~~~~~~~~~~~~~~[0m[39m[22m
[1m[31m[39m[22m
[1m[31m  [96msrc/app/Residences/residence-details/residence-details.component.ts[0m:[93m8[0m:[93m16[0m[39m[22m
[1m[31m    [7m8[0m   templateUrl: './residence-details.component.html',[39m[22m
[1m[31m    [7m [0m [96m               ~~~~~~~~~~~~~~~~~~~~~~~~~~~~~~~~~~~~[0m[39m[22m
[1m[31m    Error occurs in the template of component ResidenceDetailsComponent.[39m[22m
[1m[31m[39m[22m
[1m[31m[39m[22m
[1m[31m[0m[91mError: [39m[31m[0m[96msrc/app/Residences/residence-details/residence-details.component.ts[0m:[93m22[0m:[93m27[0m - 
[91merror[0m[90m TS2339: [0mProperty 'getResidences' does not exist on type 'ResidenceService'.[39m[22m
[1m[31m[39m[22m
[1m[31m[7m22[0m     this.residenceService.getResidences(id).subscribe((data) => {[39m[22m
[1m[31m[7m  [0m [91m                          ~~~~~~~~~~~~~[0m[39m[22m
[1m[31m[39m[22m
[1m[31m[39m[22m
[1m[31m[0m[91mError: [39m[31m[0m[96msrc/app/Residences/residence-details/residence-details.component.ts[0m:[93m22[0m:[93m56[0m - 
[91merror[0m[90m TS7006: [0mParameter 'data' implicitly has an 'any' type.[39m[22m
[1m[31m[39m[22m
[1m[31m[7m22[0m     this.residenceService.getResidences(id).subscribe((data) => {[39m[22m
[1m[31m[7m  [0m [91m                                                       ~~~~[0m[39m[22m
[1m[31m[39m[22m
[1m[31m[39m[22m
[1m[31m[0m[91mError: [39m[31m[0m[96msrc/app/Residences/residences/residences.component.html[0m:[93m3[0m:[93m13[0m - 
[91merror[0m[90m NG8002: [0mCan't bind to 'routerLink' since it isn't a known property of 'button'.[39m[22m
[1m[31m[39m[22m
[1m[31m[7m3[0m     <button [routerLink]="['/apartments-by-residence', residence.id]">Appartements List</button>[39m[22m
[1m[31m[7m [0m [91m            ~~~~~~~~~~~~~~~~~~~~~~~~~~~~~~~~~~~~~~~~~~~~~~~~~~~~~~~~~[0m[39m[22m
[1m[31m[39m[22m
[1m[31m  [96msrc/app/Residences/residences/residences.component.ts[0m:[93m5[0m:[93m16[0m[39m[22m
[1m[31m    [7m5[0m   templateUrl: './residences.component.html',[39m[22m
[1m[31m    [7m [0m [96m               ~~~~~~~~~~~~~~~~~~~~~~~~~~~~~[0m[39m[22m
[1m[31m    Error occurs in the template of component ResidencesComponent.[39m[22m
[1m[31m[39m[22m
[1m[31m[39m[22m
[1m[31m[0m[91mError: [39m[31m[0m[96msrc/app/home/home.component.html[0m:[93m5[0m:[93m11[0m - [91merror[0m[90m NG8002: 
[0mCan't bind to 'routerLink' since it isn't a known property of 'button'.[39m[22m
[1m[31m[39m[22m
[1m[31m[7m5[0m   <button [routerLink]="['/residence', residence.id]">D├®tails</button>[39m[22m
[1m[31m[7m [0m [91m          ~~~~~~~~~~~~~~~~~~~~~~~~~~~~~~~~~~~~~~~~~~~[0m[39m[22m
[1m[31m[39m[22m
[1m[31m  [96msrc/app/home/home.component.ts[0m:[93m9[0m:[93m16[0m[39m[22m
[1m[31m    [7m9[0m   templateUrl: './home.component.html',[39m[22m
[1m[31m    [7m [0m [96m               ~~~~~~~~~~~~~~~~~~~~~~~[0m[39m[22m
[1m[31m    Error occurs in the template of component HomeComponent.[39m[22m
[1m[31m[39m[22m
[1m[31m[39m[22m
[1m[31m[0m[91mError: [39m[31m[0m[96msrc/app/home/home.component.ts[0m:[93m4[0m:[93m10[0m - [91merror[0m[90m TS2300: 
[0mDuplicate identifier 'Inject'.[39m[22m
[1m[31m[39m[22m
[1m[31m[7m4[0m import { Inject } from '@angular/core';[39m[22m
[1m[31m[7m [0m [91m         ~~~~~~[0m[39m[22m
[1m[31m[39m[22m
[1m[31m[39m[22m
[1m[31m[0m[91mError: [39m[31m[0m[96msrc/app/home/home.component.ts[0m:[93m5[0m:[93m10[0m - [91merror[0m[90m TS2300: 
[0mDuplicate identifier 'Inject'.[39m[22m
[1m[31m[39m[22m
[1m[31m[7m5[0m import { Inject } from '@angular/core';[39m[22m
[1m[31m[7m [0m [91m         ~~~~~~[0m[39m[22m
[1m[31m[39m[22m
[1m[31m[39m[22m
[1m[31m[0m[91mError: [39m[31m[0m[96msrc/app/home/home.component.ts[0m:[93m18[0m:[93m27[0m - [91merror[0m[90m TS2339: 
[0mProperty 'getResidences' does not exist on type 'ResidenceService'.[39m[22m
[1m[31m[39m[22m
[1m[31m[7m18[0m     this.residenceService.getResidences().subscribe((data) => {[39m[22m
[1m[31m[7m  [0m [91m                          ~~~~~~~~~~~~~[0m[39m[22m
[1m[31m[39m[22m
[1m[31m[39m[22m
[1m[31m[0m[91mError: [39m[31m[0m[96msrc/app/home/home.component.ts[0m:[93m18[0m:[93m54[0m - [91merror[0m[90m TS7006: 
[0mParameter 'data' implicitly has an 'any' type.[39m[22m
[1m[31m[39m[22m
[1m[31m[7m18[0m     this.residenceService.getResidences().subscribe((data) => {[39m[22m
[1m[31m[7m  [0m [91m                                                     ~~~~[0m[39m[22m
[1m[31m[39m[22m
[1m[31m[39m[22m
[1m[31m[39m[22m
[36mÔáï[39m Generating browser application bundles...[36mÔáÖ[39m Generating browser application bundles (phase: building)...[36mÔá╣[39m 
Generating browser application bundles (phase: sealing)...[32mÔ£ö[39m Browser application bundle generation complete.
[1m[31m[39m[22m
[1m[31m[0m[91mError: [39m[31m[0m[96msrc/app/Residences/residence-details/residence-details.component.html[0m:[93m4[0m:[93m9[0m - 
[91merror[0m[90m NG8002: [0mCan't bind to 'routerLink' since it isn't a known property of 'button'.[39m[22m
[1m[31m[39m[22m
[1m[31m[7m4[0m <button [routerLink]="['/add-residence']">Add Residence</button>[39m[22m
[1m[31m[7m [0m [91m        ~~~~~~~~~~~~~~~~~~~~~~~~~~~~~~~~~[0m[39m[22m
[1m[31m[39m[22m
[1m[31m  [96msrc/app/Residences/residence-details/residence-details.component.ts[0m:[93m8[0m:[93m16[0m[39m[22m
[1m[31m    [7m8[0m   templateUrl: './residence-details.component.html',[39m[22m
[1m[31m    [7m [0m [96m               ~~~~~~~~~~~~~~~~~~~~~~~~~~~~~~~~~~~~[0m[39m[22m
[1m[31m    Error occurs in the template of component ResidenceDetailsComponent.[39m[22m
[1m[31m[39m[22m
[1m[31m[39m[22m
[1m[31m[0m[91mError: [39m[31m[0m[96msrc/app/Residences/residence-details/residence-details.component.html[0m:[93m5[0m:[93m9[0m - 
[91merror[0m[90m NG8002: [0mCan't bind to 'routerLink' since it isn't a known property of 'button'.[39m[22m
[1m[31m[39m[22m
[1m[31m[7m5[0m <button [routerLink]="['/update-residence', residence.id]">Update Residence</button>[39m[22m
[1m[31m[7m [0m [91m        ~~~~~~~~~~~~~~~~~~~~~~~~~~~~~~~~~~~~~~~~~~~~~~~~~~[0m[39m[22m
[1m[31m[39m[22m
[1m[31m  [96msrc/app/Residences/residence-details/residence-details.component.ts[0m:[93m8[0m:[93m16[0m[39m[22m
[1m[31m    [7m8[0m   templateUrl: './residence-details.component.html',[39m[22m
[1m[31m    [7m [0m [96m               ~~~~~~~~~~~~~~~~~~~~~~~~~~~~~~~~~~~~[0m[39m[22m
[1m[31m    Error occurs in the template of component ResidenceDetailsComponent.[39m[22m
[1m[31m[39m[22m
[1m[31m[39m[22m
[1m[31m[0m[91mError: [39m[31m[0m[96msrc/app/Residences/residence-details/residence-details.component.ts[0m:[93m22[0m:[93m27[0m - 
[91merror[0m[90m TS2339: [0mProperty 'getResidences' does not exist on type 'ResidenceService'.[39m[22m
[1m[31m[39m[22m
[1m[31m[7m22[0m     this.residenceService.getResidences(id).subscribe((data) => {[39m[22m
[1m[31m[7m  [0m [91m                          ~~~~~~~~~~~~~[0m[39m[22m
[1m[31m[39m[22m
[1m[31m[39m[22m
[1m[31m[0m[91mError: [39m[31m[0m[96msrc/app/Residences/residence-details/residence-details.component.ts[0m:[93m22[0m:[93m56[0m - 
[91merror[0m[90m TS7006: [0mParameter 'data' implicitly has an 'any' type.[39m[22m
[1m[31m[39m[22m
[1m[31m[7m22[0m     this.residenceService.getResidences(id).subscribe((data) => {[39m[22m
[1m[31m[7m  [0m [91m                                                       ~~~~[0m[39m[22m
[1m[31m[39m[22m
[1m[31m[39m[22m
[1m[31m[0m[91mError: [39m[31m[0m[96msrc/app/Residences/residences/residences.component.html[0m:[93m3[0m:[93m13[0m - 
[91merror[0m[90m NG8002: [0mCan't bind to 'routerLink' since it isn't a known property of 'button'.[39m[22m
[1m[31m[39m[22m
[1m[31m[7m3[0m     <button [routerLink]="['/apartments-by-residence', residence.id]">Appartements List</button>[39m[22m
[1m[31m[7m [0m [91m            ~~~~~~~~~~~~~~~~~~~~~~~~~~~~~~~~~~~~~~~~~~~~~~~~~~~~~~~~~[0m[39m[22m
[1m[31m[39m[22m
[1m[31m  [96msrc/app/Residences/residences/residences.component.ts[0m:[93m5[0m:[93m16[0m[39m[22m
[1m[31m    [7m5[0m   templateUrl: './residences.component.html',[39m[22m
[1m[31m    [7m [0m [96m               ~~~~~~~~~~~~~~~~~~~~~~~~~~~~~[0m[39m[22m
[1m[31m    Error occurs in the template of component ResidencesComponent.[39m[22m
[1m[31m[39m[22m
[1m[31m[39m[22m
[1m[31m[0m[91mError: [39m[31m[0m[96msrc/app/app-routing.module.ts[0m:[93m15[0m:[93m36[0m - [91merror[0m[90m TS2304: 
[0mCannot find name 'ApartmentsComponent'.[39m[22m
[1m[31m[39m[22m
[1m[31m[7m15[0m   { path: 'apartments', component: ApartmentsComponent },[39m[22m
[1m[31m[7m  [0m [91m                                   ~~~~~~~~~~~~~~~~~~~[0m[39m[22m
[1m[31m[39m[22m
[1m[31m[39m[22m
[1m[31m[0m[91mError: [39m[31m[0m[96msrc/app/app-routing.module.ts[0m:[93m16[0m:[93m62[0m - [91merror[0m[90m TS2304: 
[0mCannot find name 'ApartmentsByResidenceComponent'.[39m[22m
[1m[31m[39m[22m
[1m[31m[7m16[0m   { path: 'apartments-by-residence/:residenceId', component: ApartmentsByResidenceComponent },[39m[22m
[1m[31m[7m  [0m [91m                                                             ~~~~~~~~~~~~~~~~~~~~~~~~~~~~~~[0m[39m[22m
[1m[31m[39m[22m
[1m[31m[39m[22m
[1m[31m[0m[91mError: [39m[31m[0m[96msrc/app/home/home.component.html[0m:[93m5[0m:[93m11[0m - [91merror[0m[90m NG8002: 
[0mCan't bind to 'routerLink' since it isn't a known property of 'button'.[39m[22m
[1m[31m[39m[22m
[1m[31m[7m5[0m   <button [routerLink]="['/residence', residence.id]">D├®tails</button>[39m[22m
[1m[31m[7m [0m [91m          ~~~~~~~~~~~~~~~~~~~~~~~~~~~~~~~~~~~~~~~~~~~[0m[39m[22m
[1m[31m[39m[22m
[1m[31m  [96msrc/app/home/home.component.ts[0m:[93m9[0m:[93m16[0m[39m[22m
[1m[31m    [7m9[0m   templateUrl: './home.component.html',[39m[22m
[1m[31m    [7m [0m [96m               ~~~~~~~~~~~~~~~~~~~~~~~[0m[39m[22m
[1m[31m    Error occurs in the template of component HomeComponent.[39m[22m
[1m[31m[39m[22m
[1m[31m[39m[22m
[1m[31m[0m[91mError: [39m[31m[0m[96msrc/app/home/home.component.ts[0m:[93m4[0m:[93m10[0m - [91merror[0m[90m TS2300: 
[0mDuplicate identifier 'Inject'.[39m[22m
[1m[31m[39m[22m
[1m[31m[7m4[0m import { Inject } from '@angular/core';[39m[22m
[1m[31m[7m [0m [91m         ~~~~~~[0m[39m[22m
[1m[31m[39m[22m
[1m[31m[39m[22m
[1m[31m[0m[91mError: [39m[31m[0m[96msrc/app/home/home.component.ts[0m:[93m5[0m:[93m10[0m - [91merror[0m[90m TS2300: 
[0mDuplicate identifier 'Inject'.[39m[22m
[1m[31m[39m[22m
[1m[31m[7m5[0m import { Inject } from '@angular/core';[39m[22m
[1m[31m[7m [0m [91m         ~~~~~~[0m[39m[22m
[1m[31m[39m[22m
[1m[31m[39m[22m
[1m[31m[0m[91mError: [39m[31m[0m[96msrc/app/home/home.component.ts[0m:[93m18[0m:[93m27[0m - [91merror[0m[90m TS2339: 
[0mProperty 'getResidences' does not exist on type 'ResidenceService'.[39m[22m
[1m[31m[39m[22m
[1m[31m[7m18[0m     this.residenceService.getResidences().subscribe((data) => {[39m[22m
[1m[31m[7m  [0m [91m                          ~~~~~~~~~~~~~[0m[39m[22m
[1m[31m[39m[22m
[1m[31m[39m[22m
[1m[31m[0m[91mError: [39m[31m[0m[96msrc/app/home/home.component.ts[0m:[93m18[0m:[93m54[0m - [91merror[0m[90m TS7006: 
[0mParameter 'data' implicitly has an 'any' type.[39m[22m
[1m[31m[39m[22m
[1m[31m[7m18[0m     this.residenceService.getResidences().subscribe((data) => {[39m[22m
[1m[31m[7m  [0m [91m                                                     ~~~~[0m[39m[22m
[1m[31m[39m[22m
[1m[31m[39m[22m
[1m[31m[39m[22m
[36mÔáï[39m Generating browser application bundles...[36mÔáÖ[39m Generating browser application bundles (phase: building)...[36mÔá╣[39m 
Generating browser application bundles (phase: building)...[36mÔá©[39m Generating browser application bundles (phase: 
building)...[36mÔá╝[39m Generating browser application bundles (phase: building)...[36mÔá┤[39m Generating browser application bundles 
(phase: building)...[36mÔáª[39m Generating browser application bundles (phase: building)...[32mÔ£ö[39m Browser application bundle 
generation complete.
[1m[31m[39m[22m
[1m[31m[0m[91mError: [39m[31m[0m[96msrc/app/Residences/residence-details/residence-details.component.html[0m:[93m4[0m:[93m9[0m - 
[91merror[0m[90m NG8002: [0mCan't bind to 'routerLink' since it isn't a known property of 'button'.[39m[22m
[1m[31m[39m[22m
[1m[31m[7m4[0m <button [routerLink]="['/add-residence']">Add Residence</button>[39m[22m
[1m[31m[7m [0m [91m        ~~~~~~~~~~~~~~~~~~~~~~~~~~~~~~~~~[0m[39m[22m
[1m[31m[39m[22m
[1m[31m  [96msrc/app/Residences/residence-details/residence-details.component.ts[0m:[93m8[0m:[93m16[0m[39m[22m
[1m[31m    [7m8[0m   templateUrl: './residence-details.component.html',[39m[22m
[1m[31m    [7m [0m [96m               ~~~~~~~~~~~~~~~~~~~~~~~~~~~~~~~~~~~~[0m[39m[22m
[1m[31m    Error occurs in the template of component ResidenceDetailsComponent.[39m[22m
[1m[31m[39m[22m
[1m[31m[39m[22m
[1m[31m[0m[91mError: [39m[31m[0m[96msrc/app/Residences/residence-details/residence-details.component.html[0m:[93m5[0m:[93m9[0m - 
[91merror[0m[90m NG8002: [0mCan't bind to 'routerLink' since it isn't a known property of 'button'.[39m[22m
[1m[31m[39m[22m
[1m[31m[7m5[0m <button [routerLink]="['/update-residence', residence.id]">Update Residence</button>[39m[22m
[1m[31m[7m [0m [91m        ~~~~~~~~~~~~~~~~~~~~~~~~~~~~~~~~~~~~~~~~~~~~~~~~~~[0m[39m[22m
[1m[31m[39m[22m
[1m[31m  [96msrc/app/Residences/residence-details/residence-details.component.ts[0m:[93m8[0m:[93m16[0m[39m[22m
[1m[31m    [7m8[0m   templateUrl: './residence-details.component.html',[39m[22m
[1m[31m    [7m [0m [96m               ~~~~~~~~~~~~~~~~~~~~~~~~~~~~~~~~~~~~[0m[39m[22m
[1m[31m    Error occurs in the template of component ResidenceDetailsComponent.[39m[22m
[1m[31m[39m[22m
[1m[31m[39m[22m
[1m[31m[0m[91mError: [39m[31m[0m[96msrc/app/Residences/residence-details/residence-details.component.ts[0m:[93m22[0m:[93m27[0m - 
[91merror[0m[90m TS2339: [0mProperty 'getResidences' does not exist on type 'ResidenceService'.[39m[22m
[1m[31m[39m[22m
[1m[31m[7m22[0m     this.residenceService.getResidences(id).subscribe((data) => {[39m[22m
[1m[31m[7m  [0m [91m                          ~~~~~~~~~~~~~[0m[39m[22m
[1m[31m[39m[22m
[1m[31m[39m[22m
[1m[31m[0m[91mError: [39m[31m[0m[96msrc/app/Residences/residence-details/residence-details.component.ts[0m:[93m22[0m:[93m56[0m - 
[91merror[0m[90m TS7006: [0mParameter 'data' implicitly has an 'any' type.[39m[22m
[1m[31m[39m[22m
[1m[31m[7m22[0m     this.residenceService.getResidences(id).subscribe((data) => {[39m[22m
[1m[31m[7m  [0m [91m                                                       ~~~~[0m[39m[22m
[1m[31m[39m[22m
[1m[31m[39m[22m
[1m[31m[0m[91mError: [39m[31m[0m[96msrc/app/Residences/residences/residences.component.html[0m:[93m3[0m:[93m13[0m - 
[91merror[0m[90m NG8002: [0mCan't bind to 'routerLink' since it isn't a known property of 'button'.[39m[22m
[1m[31m[39m[22m
[1m[31m[7m3[0m     <button [routerLink]="['/apartments-by-residence', residence.id]">Appartements List</button>[39m[22m
[1m[31m[7m [0m [91m            ~~~~~~~~~~~~~~~~~~~~~~~~~~~~~~~~~~~~~~~~~~~~~~~~~~~~~~~~~[0m[39m[22m
[1m[31m[39m[22m
[1m[31m  [96msrc/app/Residences/residences/residences.component.ts[0m:[93m5[0m:[93m16[0m[39m[22m
[1m[31m    [7m5[0m   templateUrl: './residences.component.html',[39m[22m
[1m[31m    [7m [0m [96m               ~~~~~~~~~~~~~~~~~~~~~~~~~~~~~[0m[39m[22m
[1m[31m    Error occurs in the template of component ResidencesComponent.[39m[22m
[1m[31m[39m[22m
[1m[31m[39m[22m
[1m[31m[0m[91mError: [39m[31m[0m[96msrc/app/home/home.component.html[0m:[93m5[0m:[93m11[0m - [91merror[0m[90m NG8002: 
[0mCan't bind to 'routerLink' since it isn't a known property of 'button'.[39m[22m
[1m[31m[39m[22m
[1m[31m[7m5[0m   <button [routerLink]="['/residence', residence.id]">D├®tails</button>[39m[22m
[1m[31m[7m [0m [91m          ~~~~~~~~~~~~~~~~~~~~~~~~~~~~~~~~~~~~~~~~~~~[0m[39m[22m
[1m[31m[39m[22m
[1m[31m  [96msrc/app/home/home.component.ts[0m:[93m9[0m:[93m16[0m[39m[22m
[1m[31m    [7m9[0m   templateUrl: './home.component.html',[39m[22m
[1m[31m    [7m [0m [96m               ~~~~~~~~~~~~~~~~~~~~~~~[0m[39m[22m
[1m[31m    Error occurs in the template of component HomeComponent.[39m[22m
[1m[31m[39m[22m
[1m[31m[39m[22m
[1m[31m[0m[91mError: [39m[31m[0m[96msrc/app/home/home.component.ts[0m:[93m4[0m:[93m10[0m - [91merror[0m[90m TS2300: 
[0mDuplicate identifier 'Inject'.[39m[22m
[1m[31m[39m[22m
[1m[31m[7m4[0m import { Inject } from '@angular/core';[39m[22m
[1m[31m[7m [0m [91m         ~~~~~~[0m[39m[22m
[1m[31m[39m[22m
[1m[31m[39m[22m
[1m[31m[0m[91mError: [39m[31m[0m[96msrc/app/home/home.component.ts[0m:[93m5[0m:[93m10[0m - [91merror[0m[90m TS2300: 
[0mDuplicate identifier 'Inject'.[39m[22m
[1m[31m[39m[22m
[1m[31m[7m5[0m import { Inject } from '@angular/core';[39m[22m
[1m[31m[7m [0m [91m         ~~~~~~[0m[39m[22m
[1m[31m[39m[22m
[1m[31m[39m[22m
[1m[31m[0m[91mError: [39m[31m[0m[96msrc/app/home/home.component.ts[0m:[93m18[0m:[93m27[0m - [91merror[0m[90m TS2339: 
[0mProperty 'getResidences' does not exist on type 'ResidenceService'.[39m[22m
[1m[31m[39m[22m
[1m[31m[7m18[0m     this.residenceService.getResidences().subscribe((data) => {[39m[22m
[1m[31m[7m  [0m [91m                          ~~~~~~~~~~~~~[0m[39m[22m
[1m[31m[39m[22m
[1m[31m[39m[22m
[1m[31m[0m[91mError: [39m[31m[0m[96msrc/app/home/home.component.ts[0m:[93m18[0m:[93m54[0m - [91merror[0m[90m TS7006: 
[0mParameter 'data' implicitly has an 'any' type.[39m[22m
[1m[31m[39m[22m
[1m[31m[7m18[0m     this.residenceService.getResidences().subscribe((data) => {[39m[22m
[1m[31m[7m  [0m [91m                                                     ~~~~[0m[39m[22m
[1m[31m[39m[22m
[1m[31m[39m[22m
[1m[31m[39m[22m
[36mÔáï[39m Generating browser application bundles...[36mÔáÖ[39m Generating browser application bundles (phase: building)...[36mÔá╣[39m 
Generating browser application bundles (phase: building)...[36mÔá©[39m Generating browser application bundles (phase: 
building)...[36mÔá╝[39m Generating browser application bundles (phase: sealing)...[32mÔ£ö[39m Browser application bundle generation 
complete.
[1m[31m[39m[22m
[1m[31m[0m[91mError: [39m[31m[0m[96msrc/app/Residences/residence-details/residence-details.component.html[0m:[93m4[0m:[93m9[0m - 
[91merror[0m[90m NG8002: [0mCan't bind to 'routerLink' since it isn't a known property of 'button'.[39m[22m
[1m[31m[39m[22m
[1m[31m[7m4[0m <button [routerLink]="['/add-residence']">Add Residence</button>[39m[22m
[1m[31m[7m [0m [91m        ~~~~~~~~~~~~~~~~~~~~~~~~~~~~~~~~~[0m[39m[22m
[1m[31m[39m[22m
[1m[31m  [96msrc/app/Residences/residence-details/residence-details.component.ts[0m:[93m8[0m:[93m16[0m[39m[22m
[1m[31m    [7m8[0m   templateUrl: './residence-details.component.html',[39m[22m
[1m[31m    [7m [0m [96m               ~~~~~~~~~~~~~~~~~~~~~~~~~~~~~~~~~~~~[0m[39m[22m
[1m[31m    Error occurs in the template of component ResidenceDetailsComponent.[39m[22m
[1m[31m[39m[22m
[1m[31m[39m[22m
[1m[31m[0m[91mError: [39m[31m[0m[96msrc/app/Residences/residence-details/residence-details.component.html[0m:[93m5[0m:[93m9[0m - 
[91merror[0m[90m NG8002: [0mCan't bind to 'routerLink' since it isn't a known property of 'button'.[39m[22m
[1m[31m[39m[22m
[1m[31m[7m5[0m <button [routerLink]="['/update-residence', residence.id]">Update Residence</button>[39m[22m
[1m[31m[7m [0m [91m        ~~~~~~~~~~~~~~~~~~~~~~~~~~~~~~~~~~~~~~~~~~~~~~~~~~[0m[39m[22m
[1m[31m[39m[22m
[1m[31m  [96msrc/app/Residences/residence-details/residence-details.component.ts[0m:[93m8[0m:[93m16[0m[39m[22m
[1m[31m    [7m8[0m   templateUrl: './residence-details.component.html',[39m[22m
[1m[31m    [7m [0m [96m               ~~~~~~~~~~~~~~~~~~~~~~~~~~~~~~~~~~~~[0m[39m[22m
[1m[31m    Error occurs in the template of component ResidenceDetailsComponent.[39m[22m
[1m[31m[39m[22m
[1m[31m[39m[22m
[1m[31m[0m[91mError: [39m[31m[0m[96msrc/app/Residences/residence-details/residence-details.component.ts[0m:[93m22[0m:[93m27[0m - 
[91merror[0m[90m TS2339: [0mProperty 'getResidences' does not exist on type 'ResidenceService'.[39m[22m
[1m[31m[39m[22m
[1m[31m[7m22[0m     this.residenceService.getResidences(id).subscribe((data) => {[39m[22m
[1m[31m[7m  [0m [91m                          ~~~~~~~~~~~~~[0m[39m[22m
[1m[31m[39m[22m
[1m[31m[39m[22m
[1m[31m[0m[91mError: [39m[31m[0m[96msrc/app/Residences/residence-details/residence-details.component.ts[0m:[93m22[0m:[93m56[0m - 
[91merror[0m[90m TS7006: [0mParameter 'data' implicitly has an 'any' type.[39m[22m
[1m[31m[39m[22m
[1m[31m[7m22[0m     this.residenceService.getResidences(id).subscribe((data) => {[39m[22m
[1m[31m[7m  [0m [91m                                                       ~~~~[0m[39m[22m
[1m[31m[39m[22m
[1m[31m[39m[22m
[1m[31m[0m[91mError: [39m[31m[0m[96msrc/app/Residences/residences/residences.component.html[0m:[93m3[0m:[93m13[0m - 
[91merror[0m[90m NG8002: [0mCan't bind to 'routerLink' since it isn't a known property of 'button'.[39m[22m
[1m[31m[39m[22m
[1m[31m[7m3[0m     <button [routerLink]="['/apartments-by-residence', residence.id]">Appartements List</button>[39m[22m
[1m[31m[7m [0m [91m            ~~~~~~~~~~~~~~~~~~~~~~~~~~~~~~~~~~~~~~~~~~~~~~~~~~~~~~~~~[0m[39m[22m
[1m[31m[39m[22m
[1m[31m  [96msrc/app/Residences/residences/residences.component.ts[0m:[93m5[0m:[93m16[0m[39m[22m
[1m[31m    [7m5[0m   templateUrl: './residences.component.html',[39m[22m
[1m[31m    [7m [0m [96m               ~~~~~~~~~~~~~~~~~~~~~~~~~~~~~[0m[39m[22m
[1m[31m    Error occurs in the template of component ResidencesComponent.[39m[22m
[1m[31m[39m[22m
[1m[31m[39m[22m
[1m[31m[0m[91mError: [39m[31m[0m[96msrc/app/home/home.component.html[0m:[93m5[0m:[93m11[0m - [91merror[0m[90m NG8002: 
[0mCan't bind to 'routerLink' since it isn't a known property of 'button'.[39m[22m
[1m[31m[39m[22m
[1m[31m[7m5[0m   <button [routerLink]="['/residence', residence.id]">D├®tails</button>[39m[22m
[1m[31m[7m [0m [91m          ~~~~~~~~~~~~~~~~~~~~~~~~~~~~~~~~~~~~~~~~~~~[0m[39m[22m
[1m[31m[39m[22m
[1m[31m  [96msrc/app/home/home.component.ts[0m:[93m9[0m:[93m16[0m[39m[22m
[1m[31m    [7m9[0m   templateUrl: './home.component.html',[39m[22m
[1m[31m    [7m [0m [96m               ~~~~~~~~~~~~~~~~~~~~~~~[0m[39m[22m
[1m[31m    Error occurs in the template of component HomeComponent.[39m[22m
[1m[31m[39m[22m
[1m[31m[39m[22m
[1m[31m[0m[91mError: [39m[31m[0m[96msrc/app/home/home.component.ts[0m:[93m4[0m:[93m10[0m - [91merror[0m[90m TS2300: 
[0mDuplicate identifier 'Inject'.[39m[22m
[1m[31m[39m[22m
[1m[31m[7m4[0m import { Inject } from '@angular/core';[39m[22m
[1m[31m[7m [0m [91m         ~~~~~~[0m[39m[22m
[1m[31m[39m[22m
[1m[31m[39m[22m
[1m[31m[0m[91mError: [39m[31m[0m[96msrc/app/home/home.component.ts[0m:[93m5[0m:[93m10[0m - [91merror[0m[90m TS2300: 
[0mDuplicate identifier 'Inject'.[39m[22m
[1m[31m[39m[22m
[1m[31m[7m5[0m import { Inject } from '@angular/core';[39m[22m
[1m[31m[7m [0m [91m         ~~~~~~[0m[39m[22m
[1m[31m[39m[22m
[1m[31m[39m[22m
[1m[31m[0m[91mError: [39m[31m[0m[96msrc/app/home/home.component.ts[0m:[93m18[0m:[93m27[0m - [91merror[0m[90m TS2339: 
[0mProperty 'getResidences' does not exist on type 'ResidenceService'.[39m[22m
[1m[31m[39m[22m
[1m[31m[7m18[0m     this.residenceService.getResidences().subscribe((data) => {[39m[22m
[1m[31m[7m  [0m [91m                          ~~~~~~~~~~~~~[0m[39m[22m
[1m[31m[39m[22m
[1m[31m[39m[22m
[1m[31m[0m[91mError: [39m[31m[0m[96msrc/app/home/home.component.ts[0m:[93m18[0m:[93m54[0m - [91merror[0m[90m TS7006: 
[0mParameter 'data' implicitly has an 'any' type.[39m[22m
[1m[31m[39m[22m
[1m[31m[7m18[0m     this.residenceService.getResidences().subscribe((data) => {[39m[22m
[1m[31m[7m  [0m [91m                                                     ~~~~[0m[39m[22m
[1m[31m[39m[22m
[1m[31m[39m[22m
[1m[31m[39m[22m
[36mÔáï[39m Generating browser application bundles...[36mÔáÖ[39m Generating browser application bundles (phase: building)...[36mÔá╣[39m 
Generating browser application bundles (phase: building)...[32mÔ£ö[39m Browser application bundle generation complete.
[1m[31m[39m[22m
[1m[31m[0m[91mError: [39m[31m[0m[96msrc/app/Residences/residence-details/residence-details.component.html[0m:[93m4[0m:[93m4[0m - 
[91merror[0m[90m NG8002: [0mCan't bind to 'routerLink' since it isn't a known property of 'a'.[39m[22m
[1m[31m[39m[22m
[1m[31m[7m4[0m <a [routerLink]="['/add-residence']" class="button">Add Residence</a>[39m[22m
[1m[31m[7m [0m [91m   ~~~~~~~~~~~~~~~~~~~~~~~~~~~~~~~~~[0m[39m[22m
[1m[31m[39m[22m
[1m[31m  [96msrc/app/Residences/residence-details/residence-details.component.ts[0m:[93m8[0m:[93m16[0m[39m[22m
[1m[31m    [7m8[0m   templateUrl: './residence-details.component.html',[39m[22m
[1m[31m    [7m [0m [96m               ~~~~~~~~~~~~~~~~~~~~~~~~~~~~~~~~~~~~[0m[39m[22m
[1m[31m    Error occurs in the template of component ResidenceDetailsComponent.[39m[22m
[1m[31m[39m[22m
[1m[31m[39m[22m
[1m[31m[0m[91mError: [39m[31m[0m[96msrc/app/Residences/residence-details/residence-details.component.html[0m:[93m5[0m:[93m4[0m - 
[91merror[0m[90m NG8002: [0mCan't bind to 'routerLink' since it isn't a known property of 'a'.[39m[22m
[1m[31m[39m[22m
[1m[31m[7m5[0m <a [routerLink]="['/update-residence', residence.id]" class="button">Update Residence</a>[39m[22m
[1m[31m[7m [0m [91m   ~~~~~~~~~~~~~~~~~~~~~~~~~~~~~~~~~~~~~~~~~~~~~~~~~~[0m[39m[22m
[1m[31m[39m[22m
[1m[31m  [96msrc/app/Residences/residence-details/residence-details.component.ts[0m:[93m8[0m:[93m16[0m[39m[22m
[1m[31m    [7m8[0m   templateUrl: './residence-details.component.html',[39m[22m
[1m[31m    [7m [0m [96m               ~~~~~~~~~~~~~~~~~~~~~~~~~~~~~~~~~~~~[0m[39m[22m
[1m[31m    Error occurs in the template of component ResidenceDetailsComponent.[39m[22m
[1m[31m[39m[22m
[1m[31m[39m[22m
[1m[31m[0m[91mError: [39m[31m[0m[96msrc/app/Residences/residence-details/residence-details.component.ts[0m:[93m22[0m:[93m27[0m - 
[91merror[0m[90m TS2339: [0mProperty 'getResidences' does not exist on type 'ResidenceService'.[39m[22m
[1m[31m[39m[22m
[1m[31m[7m22[0m     this.residenceService.getResidences(id).subscribe((data) => {[39m[22m
[1m[31m[7m  [0m [91m                          ~~~~~~~~~~~~~[0m[39m[22m
[1m[31m[39m[22m
[1m[31m[39m[22m
[1m[31m[0m[91mError: [39m[31m[0m[96msrc/app/Residences/residence-details/residence-details.component.ts[0m:[93m22[0m:[93m56[0m - 
[91merror[0m[90m TS7006: [0mParameter 'data' implicitly has an 'any' type.[39m[22m
[1m[31m[39m[22m
[1m[31m[7m22[0m     this.residenceService.getResidences(id).subscribe((data) => {[39m[22m
[1m[31m[7m  [0m [91m                                                       ~~~~[0m[39m[22m
[1m[31m[39m[22m
[1m[31m[39m[22m
[1m[31m[0m[91mError: [39m[31m[0m[96msrc/app/Residences/residences/residences.component.html[0m:[93m3[0m:[93m13[0m - 
[91merror[0m[90m NG8002: [0mCan't bind to 'routerLink' since it isn't a known property of 'button'.[39m[22m
[1m[31m[39m[22m
[1m[31m[7m3[0m     <button [routerLink]="['/apartments-by-residence', residence.id]">Appartements List</button>[39m[22m
[1m[31m[7m [0m [91m            ~~~~~~~~~~~~~~~~~~~~~~~~~~~~~~~~~~~~~~~~~~~~~~~~~~~~~~~~~[0m[39m[22m
[1m[31m[39m[22m
[1m[31m  [96msrc/app/Residences/residences/residences.component.ts[0m:[93m5[0m:[93m16[0m[39m[22m
[1m[31m    [7m5[0m   templateUrl: './residences.component.html',[39m[22m
[1m[31m    [7m [0m [96m               ~~~~~~~~~~~~~~~~~~~~~~~~~~~~~[0m[39m[22m
[1m[31m    Error occurs in the template of component ResidencesComponent.[39m[22m
[1m[31m[39m[22m
[1m[31m[39m[22m
[1m[31m[0m[91mError: [39m[31m[0m[96msrc/app/home/home.component.html[0m:[93m5[0m:[93m11[0m - [91merror[0m[90m NG8002: 
[0mCan't bind to 'routerLink' since it isn't a known property of 'button'.[39m[22m
[1m[31m[39m[22m
[1m[31m[7m5[0m   <button [routerLink]="['/residence', residence.id]">D├®tails</button>[39m[22m
[1m[31m[7m [0m [91m          ~~~~~~~~~~~~~~~~~~~~~~~~~~~~~~~~~~~~~~~~~~~[0m[39m[22m
[1m[31m[39m[22m
[1m[31m  [96msrc/app/home/home.component.ts[0m:[93m9[0m:[93m16[0m[39m[22m
[1m[31m    [7m9[0m   templateUrl: './home.component.html',[39m[22m
[1m[31m    [7m [0m [96m               ~~~~~~~~~~~~~~~~~~~~~~~[0m[39m[22m
[1m[31m    Error occurs in the template of component HomeComponent.[39m[22m
[1m[31m[39m[22m
[1m[31m[39m[22m
[1m[31m[0m[91mError: [39m[31m[0m[96msrc/app/home/home.component.ts[0m:[93m4[0m:[93m10[0m - [91merror[0m[90m TS2300: 
[0mDuplicate identifier 'Inject'.[39m[22m
[1m[31m[39m[22m
[1m[31m[7m4[0m import { Inject } from '@angular/core';[39m[22m
[1m[31m[7m [0m [91m         ~~~~~~[0m[39m[22m
[1m[31m[39m[22m
[1m[31m[39m[22m
[1m[31m[0m[91mError: [39m[31m[0m[96msrc/app/home/home.component.ts[0m:[93m5[0m:[93m10[0m - [91merror[0m[90m TS2300: 
[0mDuplicate identifier 'Inject'.[39m[22m
[1m[31m[39m[22m
[1m[31m[7m5[0m import { Inject } from '@angular/core';[39m[22m
[1m[31m[7m [0m [91m         ~~~~~~[0m[39m[22m
[1m[31m[39m[22m
[1m[31m[39m[22m
[1m[31m[0m[91mError: [39m[31m[0m[96msrc/app/home/home.component.ts[0m:[93m18[0m:[93m27[0m - [91merror[0m[90m TS2339: 
[0mProperty 'getResidences' does not exist on type 'ResidenceService'.[39m[22m
[1m[31m[39m[22m
[1m[31m[7m18[0m     this.residenceService.getResidences().subscribe((data) => {[39m[22m
[1m[31m[7m  [0m [91m                          ~~~~~~~~~~~~~[0m[39m[22m
[1m[31m[39m[22m
[1m[31m[39m[22m
[1m[31m[0m[91mError: [39m[31m[0m[96msrc/app/home/home.component.ts[0m:[93m18[0m:[93m54[0m - [91merror[0m[90m TS7006: 
[0mParameter 'data' implicitly has an 'any' type.[39m[22m
[1m[31m[39m[22m
[1m[31m[7m18[0m     this.residenceService.getResidences().subscribe((data) => {[39m[22m
[1m[31m[7m  [0m [91m                                                     ~~~~[0m[39m[22m
[1m[31m[39m[22m
[1m[31m[39m[22m
[1m[31m[39m[22m
[36mÔáï[39m Generating browser application bundles...[36mÔáÖ[39m Generating browser application bundles (phase: building)...[36mÔá╣[39m 
Generating browser application bundles (phase: building)...[32mÔ£ö[39m Browser application bundle generation complete.
[1m[31m[39m[22m
[1m[31m[0m[91mError: [39m[31m[0m[96msrc/app/Residences/residence-details/residence-details.component.html[0m:[93m7[0m:[93m42[0m 
- [91merror[0m[90m NG5002: [0mInvalid ICU message. Missing '}'.[39m[22m
[1m[31m[39m[22m
[1m[31m[7m7[0m import { NgModule } from '@angular/core';[39m[22m
[1m[31m[7m [0m [91m                                         [0m[39m[22m
[1m[31m[39m[22m
[1m[31m  [96msrc/app/Residences/residence-details/residence-details.component.ts[0m:[93m8[0m:[93m16[0m[39m[22m
[1m[31m    [7m8[0m   templateUrl: './residence-details.component.html',[39m[22m
[1m[31m    [7m [0m [96m               ~~~~~~~~~~~~~~~~~~~~~~~~~~~~~~~~~~~~[0m[39m[22m
[1m[31m    Error occurs in the template of component ResidenceDetailsComponent.[39m[22m
[1m[31m[39m[22m
[1m[31m[39m[22m
[1m[31m[0m[91mError: [39m[31m[0m[96msrc/app/Residences/residence-details/residence-details.component.html[0m:[93m7[0m:[93m42[0m 
- [91merror[0m[90m NG5002: [0mUnexpected character "EOF" (Do you have an unescaped "{" in your template? Use "{{ '{' }}") to escape 
it.)[39m[22m
[1m[31m[39m[22m
[1m[31m[7m7[0m import { NgModule } from '@angular/core';[39m[22m
[1m[31m[7m [0m [91m                                         [0m[39m[22m
[1m[31m[39m[22m
[1m[31m  [96msrc/app/Residences/residence-details/residence-details.component.ts[0m:[93m8[0m:[93m16[0m[39m[22m
[1m[31m    [7m8[0m   templateUrl: './residence-details.component.html',[39m[22m
[1m[31m    [7m [0m [96m               ~~~~~~~~~~~~~~~~~~~~~~~~~~~~~~~~~~~~[0m[39m[22m
[1m[31m    Error occurs in the template of component ResidenceDetailsComponent.[39m[22m
[1m[31m[39m[22m
[1m[31m[39m[22m
[1m[31m[0m[91mError: [39m[31m[0m[96msrc/app/Residences/residence-details/residence-details.component.ts[0m:[93m22[0m:[93m27[0m - 
[91merror[0m[90m TS2339: [0mProperty 'getResidences' does not exist on type 'ResidenceService'.[39m[22m
[1m[31m[39m[22m
[1m[31m[7m22[0m     this.residenceService.getResidences(id).subscribe((data) => {[39m[22m
[1m[31m[7m  [0m [91m                          ~~~~~~~~~~~~~[0m[39m[22m
[1m[31m[39m[22m
[1m[31m[39m[22m
[1m[31m[0m[91mError: [39m[31m[0m[96msrc/app/Residences/residence-details/residence-details.component.ts[0m:[93m22[0m:[93m56[0m - 
[91merror[0m[90m TS7006: [0mParameter 'data' implicitly has an 'any' type.[39m[22m
[1m[31m[39m[22m
[1m[31m[7m22[0m     this.residenceService.getResidences(id).subscribe((data) => {[39m[22m
[1m[31m[7m  [0m [91m                                                       ~~~~[0m[39m[22m
[1m[31m[39m[22m
[1m[31m[39m[22m
[1m[31m[0m[91mError: [39m[31m[0m[96msrc/app/Residences/residences/residences.component.html[0m:[93m3[0m:[93m13[0m - 
[91merror[0m[90m NG8002: [0mCan't bind to 'routerLink' since it isn't a known property of 'button'.[39m[22m
[1m[31m[39m[22m
[1m[31m[7m3[0m     <button [routerLink]="['/apartments-by-residence', residence.id]">Appartements List</button>[39m[22m
[1m[31m[7m [0m [91m            ~~~~~~~~~~~~~~~~~~~~~~~~~~~~~~~~~~~~~~~~~~~~~~~~~~~~~~~~~[0m[39m[22m
[1m[31m[39m[22m
[1m[31m  [96msrc/app/Residences/residences/residences.component.ts[0m:[93m5[0m:[93m16[0m[39m[22m
[1m[31m    [7m5[0m   templateUrl: './residences.component.html',[39m[22m
[1m[31m    [7m [0m [96m               ~~~~~~~~~~~~~~~~~~~~~~~~~~~~~[0m[39m[22m
[1m[31m    Error occurs in the template of component ResidencesComponent.[39m[22m
[1m[31m[39m[22m
[1m[31m[39m[22m
[1m[31m[0m[91mError: [39m[31m[0m[96msrc/app/home/home.component.html[0m:[93m5[0m:[93m11[0m - [91merror[0m[90m NG8002: 
[0mCan't bind to 'routerLink' since it isn't a known property of 'button'.[39m[22m
[1m[31m[39m[22m
[1m[31m[7m5[0m   <button [routerLink]="['/residence', residence.id]">D├®tails</button>[39m[22m
[1m[31m[7m [0m [91m          ~~~~~~~~~~~~~~~~~~~~~~~~~~~~~~~~~~~~~~~~~~~[0m[39m[22m
[1m[31m[39m[22m
[1m[31m  [96msrc/app/home/home.component.ts[0m:[93m9[0m:[93m16[0m[39m[22m
[1m[31m    [7m9[0m   templateUrl: './home.component.html',[39m[22m
[1m[31m    [7m [0m [96m               ~~~~~~~~~~~~~~~~~~~~~~~[0m[39m[22m
[1m[31m    Error occurs in the template of component HomeComponent.[39m[22m
[1m[31m[39m[22m
[1m[31m[39m[22m
[1m[31m[0m[91mError: [39m[31m[0m[96msrc/app/home/home.component.ts[0m:[93m4[0m:[93m10[0m - [91merror[0m[90m TS2300: 
[0mDuplicate identifier 'Inject'.[39m[22m
[1m[31m[39m[22m
[1m[31m[7m4[0m import { Inject } from '@angular/core';[39m[22m
[1m[31m[7m [0m [91m         ~~~~~~[0m[39m[22m
[1m[31m[39m[22m
[1m[31m[39m[22m
[1m[31m[0m[91mError: [39m[31m[0m[96msrc/app/home/home.component.ts[0m:[93m5[0m:[93m10[0m - [91merror[0m[90m TS2300: 
[0mDuplicate identifier 'Inject'.[39m[22m
[1m[31m[39m[22m
[1m[31m[7m5[0m import { Inject } from '@angular/core';[39m[22m
[1m[31m[7m [0m [91m         ~~~~~~[0m[39m[22m
[1m[31m[39m[22m
[1m[31m[39m[22m
[1m[31m[0m[91mError: [39m[31m[0m[96msrc/app/home/home.component.ts[0m:[93m18[0m:[93m27[0m - [91merror[0m[90m TS2339: 
[0mProperty 'getResidences' does not exist on type 'ResidenceService'.[39m[22m
[1m[31m[39m[22m
[1m[31m[7m18[0m     this.residenceService.getResidences().subscribe((data) => {[39m[22m
[1m[31m[7m  [0m [91m                          ~~~~~~~~~~~~~[0m[39m[22m
[1m[31m[39m[22m
[1m[31m[39m[22m
[1m[31m[0m[91mError: [39m[31m[0m[96msrc/app/home/home.component.ts[0m:[93m18[0m:[93m54[0m - [91merror[0m[90m TS7006: 
[0mParameter 'data' implicitly has an 'any' type.[39m[22m
[1m[31m[39m[22m
[1m[31m[7m18[0m     this.residenceService.getResidences().subscribe((data) => {[39m[22m
[1m[31m[7m  [0m [91m                                                     ~~~~[0m[39m[22m
[1m[31m[39m[22m
[1m[31m[39m[22m
[1m[31m[39m[22m
[36mÔáï[39m Generating browser application bundles...[36mÔáÖ[39m Generating browser application bundles (phase: building)...[32mÔ£ö[39m 
Browser application bundle generation complete.
[1m[31m[39m[22m
[1m[31m[0m[91mError: [39m[31m[0m[96msrc/app/Residences/residence-details/residence-details.component.html[0m:[93m21[0m:[93m1[0m 
- [91merror[0m[90m NG5002: [0mInvalid ICU message. Missing '}'.[39m[22m
[1m[31m[39m[22m
[1m[31m[7m21[0m [39m[22m
[1m[31m[7m  [0m [91m[0m[39m[22m
[1m[31m[39m[22m
[1m[31m  [96msrc/app/Residences/residence-details/residence-details.component.ts[0m:[93m8[0m:[93m16[0m[39m[22m
[1m[31m    [7m8[0m   templateUrl: './residence-details.component.html',[39m[22m
[1m[31m    [7m [0m [96m               ~~~~~~~~~~~~~~~~~~~~~~~~~~~~~~~~~~~~[0m[39m[22m
[1m[31m    Error occurs in the template of component ResidenceDetailsComponent.[39m[22m
[1m[31m[39m[22m
[1m[31m[39m[22m
[1m[31m[0m[91mError: [39m[31m[0m[96msrc/app/Residences/residence-details/residence-details.component.ts[0m:[93m22[0m:[93m27[0m - 
[91merror[0m[90m TS2339: [0mProperty 'getResidences' does not exist on type 'ResidenceService'.[39m[22m
[1m[31m[39m[22m
[1m[31m[7m22[0m     this.residenceService.getResidences(id).subscribe((data) => {[39m[22m
[1m[31m[7m  [0m [91m                          ~~~~~~~~~~~~~[0m[39m[22m
[1m[31m[39m[22m
[1m[31m[39m[22m
[1m[31m[0m[91mError: [39m[31m[0m[96msrc/app/Residences/residence-details/residence-details.component.ts[0m:[93m22[0m:[93m56[0m - 
[91merror[0m[90m TS7006: [0mParameter 'data' implicitly has an 'any' type.[39m[22m
[1m[31m[39m[22m
[1m[31m[7m22[0m     this.residenceService.getResidences(id).subscribe((data) => {[39m[22m
[1m[31m[7m  [0m [91m                                                       ~~~~[0m[39m[22m
[1m[31m[39m[22m
[1m[31m[39m[22m
[1m[31m[0m[91mError: [39m[31m[0m[96msrc/app/Residences/residences/residences.component.html[0m:[93m3[0m:[93m13[0m - 
[91merror[0m[90m NG8002: [0mCan't bind to 'routerLink' since it isn't a known property of 'button'.[39m[22m
[1m[31m[39m[22m
[1m[31m[7m3[0m     <button [routerLink]="['/apartments-by-residence', residence.id]">Appartements List</button>[39m[22m
[1m[31m[7m [0m [91m            ~~~~~~~~~~~~~~~~~~~~~~~~~~~~~~~~~~~~~~~~~~~~~~~~~~~~~~~~~[0m[39m[22m
[1m[31m[39m[22m
[1m[31m  [96msrc/app/Residences/residences/residences.component.ts[0m:[93m5[0m:[93m16[0m[39m[22m
[1m[31m    [7m5[0m   templateUrl: './residences.component.html',[39m[22m
[1m[31m    [7m [0m [96m               ~~~~~~~~~~~~~~~~~~~~~~~~~~~~~[0m[39m[22m
[1m[31m    Error occurs in the template of component ResidencesComponent.[39m[22m
[1m[31m[39m[22m
[1m[31m[39m[22m
[1m[31m[0m[91mError: [39m[31m[0m[96msrc/app/home/home.component.html[0m:[93m5[0m:[93m11[0m - [91merror[0m[90m NG8002: 
[0mCan't bind to 'routerLink' since it isn't a known property of 'button'.[39m[22m
[1m[31m[39m[22m
[1m[31m[7m5[0m   <button [routerLink]="['/residence', residence.id]">D├®tails</button>[39m[22m
[1m[31m[7m [0m [91m          ~~~~~~~~~~~~~~~~~~~~~~~~~~~~~~~~~~~~~~~~~~~[0m[39m[22m
[1m[31m[39m[22m
[1m[31m  [96msrc/app/home/home.component.ts[0m:[93m9[0m:[93m16[0m[39m[22m
[1m[31m    [7m9[0m   templateUrl: './home.component.html',[39m[22m
[1m[31m    [7m [0m [96m               ~~~~~~~~~~~~~~~~~~~~~~~[0m[39m[22m
[1m[31m    Error occurs in the template of component HomeComponent.[39m[22m
[1m[31m[39m[22m
[1m[31m[39m[22m
[1m[31m[0m[91mError: [39m[31m[0m[96msrc/app/home/home.component.ts[0m:[93m4[0m:[93m10[0m - [91merror[0m[90m TS2300: 
[0mDuplicate identifier 'Inject'.[39m[22m
[1m[31m[39m[22m
[1m[31m[7m4[0m import { Inject } from '@angular/core';[39m[22m
[1m[31m[7m [0m [91m         ~~~~~~[0m[39m[22m
[1m[31m[39m[22m
[1m[31m[39m[22m
[1m[31m[0m[91mError: [39m[31m[0m[96msrc/app/home/home.component.ts[0m:[93m5[0m:[93m10[0m - [91merror[0m[90m TS2300: 
[0mDuplicate identifier 'Inject'.[39m[22m
[1m[31m[39m[22m
[1m[31m[7m5[0m import { Inject } from '@angular/core';[39m[22m
[1m[31m[7m [0m [91m         ~~~~~~[0m[39m[22m
[1m[31m[39m[22m
[1m[31m[39m[22m
[1m[31m[0m[91mError: [39m[31m[0m[96msrc/app/home/home.component.ts[0m:[93m18[0m:[93m27[0m - [91merror[0m[90m TS2339: 
[0mProperty 'getResidences' does not exist on type 'ResidenceService'.[39m[22m
[1m[31m[39m[22m
[1m[31m[7m18[0m     this.residenceService.getResidences().subscribe((data) => {[39m[22m
[1m[31m[7m  [0m [91m                          ~~~~~~~~~~~~~[0m[39m[22m
[1m[31m[39m[22m
[1m[31m[39m[22m
[1m[31m[0m[91mError: [39m[31m[0m[96msrc/app/home/home.component.ts[0m:[93m18[0m:[93m54[0m - [91merror[0m[90m TS7006: 
[0mParameter 'data' implicitly has an 'any' type.[39m[22m
[1m[31m[39m[22m
[1m[31m[7m18[0m     this.residenceService.getResidences().subscribe((data) => {[39m[22m
[1m[31m[7m  [0m [91m                                                     ~~~~[0m[39m[22m
[1m[31m[39m[22m
[1m[31m[39m[22m
[1m[31m[39m[22m
[36mÔáï[39m Generating browser application bundles...[36mÔáÖ[39m Generating browser application bundles (phase: building)...[36mÔá╣[39m 
Generating browser application bundles (phase: building)...[32mÔ£ö[39m Browser application bundle generation complete.
[1m[31m[39m[22m
[1m[31m[0m[91mError: [39m[31m[0m[96msrc/app/Residences/residence-details/residence-details.component.html[0m:[93m4[0m:[93m4[0m - 
[91merror[0m[90m NG8002: [0mCan't bind to 'routerLink' since it isn't a known property of 'a'.[39m[22m
[1m[31m[39m[22m
[1m[31m[7m4[0m <a [routerLink]="['/add-residence']" class="button">Add Residence</a>[39m[22m
[1m[31m[7m [0m [91m   ~~~~~~~~~~~~~~~~~~~~~~~~~~~~~~~~~[0m[39m[22m
[1m[31m[39m[22m
[1m[31m  [96msrc/app/Residences/residence-details/residence-details.component.ts[0m:[93m8[0m:[93m16[0m[39m[22m
[1m[31m    [7m8[0m   templateUrl: './residence-details.component.html',[39m[22m
[1m[31m    [7m [0m [96m               ~~~~~~~~~~~~~~~~~~~~~~~~~~~~~~~~~~~~[0m[39m[22m
[1m[31m    Error occurs in the template of component ResidenceDetailsComponent.[39m[22m
[1m[31m[39m[22m
[1m[31m[39m[22m
[1m[31m[0m[91mError: [39m[31m[0m[96msrc/app/Residences/residence-details/residence-details.component.html[0m:[93m5[0m:[93m4[0m - 
[91merror[0m[90m NG8002: [0mCan't bind to 'routerLink' since it isn't a known property of 'a'.[39m[22m
[1m[31m[39m[22m
[1m[31m[7m5[0m <a [routerLink]="['/update-residence', residence.id]" class="button">Update Residence</a>[39m[22m
[1m[31m[7m [0m [91m   ~~~~~~~~~~~~~~~~~~~~~~~~~~~~~~~~~~~~~~~~~~~~~~~~~~[0m[39m[22m
[1m[31m[39m[22m
[1m[31m  [96msrc/app/Residences/residence-details/residence-details.component.ts[0m:[93m8[0m:[93m16[0m[39m[22m
[1m[31m    [7m8[0m   templateUrl: './residence-details.component.html',[39m[22m
[1m[31m    [7m [0m [96m               ~~~~~~~~~~~~~~~~~~~~~~~~~~~~~~~~~~~~[0m[39m[22m
[1m[31m    Error occurs in the template of component ResidenceDetailsComponent.[39m[22m
[1m[31m[39m[22m
[1m[31m[39m[22m
[1m[31m[0m[91mError: [39m[31m[0m[96msrc/app/Residences/residence-details/residence-details.component.ts[0m:[93m22[0m:[93m27[0m - 
[91merror[0m[90m TS2339: [0mProperty 'getResidences' does not exist on type 'ResidenceService'.[39m[22m
[1m[31m[39m[22m
[1m[31m[7m22[0m     this.residenceService.getResidences(id).subscribe((data) => {[39m[22m
[1m[31m[7m  [0m [91m                          ~~~~~~~~~~~~~[0m[39m[22m
[1m[31m[39m[22m
[1m[31m[39m[22m
[1m[31m[0m[91mError: [39m[31m[0m[96msrc/app/Residences/residence-details/residence-details.component.ts[0m:[93m22[0m:[93m56[0m - 
[91merror[0m[90m TS7006: [0mParameter 'data' implicitly has an 'any' type.[39m[22m
[1m[31m[39m[22m
[1m[31m[7m22[0m     this.residenceService.getResidences(id).subscribe((data) => {[39m[22m
[1m[31m[7m  [0m [91m                                                       ~~~~[0m[39m[22m
[1m[31m[39m[22m
[1m[31m[39m[22m
[1m[31m[0m[91mError: [39m[31m[0m[96msrc/app/Residences/residences/residences.component.html[0m:[93m3[0m:[93m13[0m - 
[91merror[0m[90m NG8002: [0mCan't bind to 'routerLink' since it isn't a known property of 'button'.[39m[22m
[1m[31m[39m[22m
[1m[31m[7m3[0m     <button [routerLink]="['/apartments-by-residence', residence.id]">Appartements List</button>[39m[22m
[1m[31m[7m [0m [91m            ~~~~~~~~~~~~~~~~~~~~~~~~~~~~~~~~~~~~~~~~~~~~~~~~~~~~~~~~~[0m[39m[22m
[1m[31m[39m[22m
[1m[31m  [96msrc/app/Residences/residences/residences.component.ts[0m:[93m5[0m:[93m16[0m[39m[22m
[1m[31m    [7m5[0m   templateUrl: './residences.component.html',[39m[22m
[1m[31m    [7m [0m [96m               ~~~~~~~~~~~~~~~~~~~~~~~~~~~~~[0m[39m[22m
[1m[31m    Error occurs in the template of component ResidencesComponent.[39m[22m
[1m[31m[39m[22m
[1m[31m[39m[22m
[1m[31m[0m[91mError: [39m[31m[0m[96msrc/app/home/home.component.html[0m:[93m5[0m:[93m11[0m - [91merror[0m[90m NG8002: 
[0mCan't bind to 'routerLink' since it isn't a known property of 'button'.[39m[22m
[1m[31m[39m[22m
[1m[31m[7m5[0m   <button [routerLink]="['/residence', residence.id]">D├®tails</button>[39m[22m
[1m[31m[7m [0m [91m          ~~~~~~~~~~~~~~~~~~~~~~~~~~~~~~~~~~~~~~~~~~~[0m[39m[22m
[1m[31m[39m[22m
[1m[31m  [96msrc/app/home/home.component.ts[0m:[93m9[0m:[93m16[0m[39m[22m
[1m[31m    [7m9[0m   templateUrl: './home.component.html',[39m[22m
[1m[31m    [7m [0m [96m               ~~~~~~~~~~~~~~~~~~~~~~~[0m[39m[22m
[1m[31m    Error occurs in the template of component HomeComponent.[39m[22m
[1m[31m[39m[22m
[1m[31m[39m[22m
[1m[31m[0m[91mError: [39m[31m[0m[96msrc/app/home/home.component.ts[0m:[93m4[0m:[93m10[0m - [91merror[0m[90m TS2300: 
[0mDuplicate identifier 'Inject'.[39m[22m
[1m[31m[39m[22m
[1m[31m[7m4[0m import { Inject } from '@angular/core';[39m[22m
[1m[31m[7m [0m [91m         ~~~~~~[0m[39m[22m
[1m[31m[39m[22m
[1m[31m[39m[22m
[1m[31m[0m[91mError: [39m[31m[0m[96msrc/app/home/home.component.ts[0m:[93m5[0m:[93m10[0m - [91merror[0m[90m TS2300: 
[0mDuplicate identifier 'Inject'.[39m[22m
[1m[31m[39m[22m
[1m[31m[7m5[0m import { Inject } from '@angular/core';[39m[22m
[1m[31m[7m [0m [91m         ~~~~~~[0m[39m[22m
[1m[31m[39m[22m
[1m[31m[39m[22m
[1m[31m[0m[91mError: [39m[31m[0m[96msrc/app/home/home.component.ts[0m:[93m18[0m:[93m27[0m - [91merror[0m[90m TS2339: 
[0mProperty 'getResidences' does not exist on type 'ResidenceService'.[39m[22m
[1m[31m[39m[22m
[1m[31m[7m18[0m     this.residenceService.getResidences().subscribe((data) => {[39m[22m
[1m[31m[7m  [0m [91m                          ~~~~~~~~~~~~~[0m[39m[22m
[1m[31m[39m[22m
[1m[31m[39m[22m
[1m[31m[0m[91mError: [39m[31m[0m[96msrc/app/home/home.component.ts[0m:[93m18[0m:[93m54[0m - [91merror[0m[90m TS7006: 
[0mParameter 'data' implicitly has an 'any' type.[39m[22m
[1m[31m[39m[22m
[1m[31m[7m18[0m     this.residenceService.getResidences().subscribe((data) => {[39m[22m
[1m[31m[7m  [0m [91m                                                     ~~~~[0m[39m[22m
[1m[31m[39m[22m
[1m[31m[39m[22m
[1m[31m[39m[22m
[36mÔáï[39m Generating browser application bundles...[36mÔáÖ[39m Generating browser application bundles (phase: building)...[36mÔá╣[39m 
Generating browser application bundles (phase: sealing)...[32mÔ£ö[39m Browser application bundle generation complete.
[1m[31m[39m[22m
[1m[31m[0m[91mError: [39m[31m[0m[96msrc/app/Residences/residence-details/residence-details.component.html[0m:[93m4[0m:[93m9[0m - 
[91merror[0m[90m NG8002: [0mCan't bind to 'routerLink' since it isn't a known property of 'button'.[39m[22m
[1m[31m[39m[22m
[1m[31m[7m4[0m <button [routerLink]="['/add-residence']">Add Residence</button>[39m[22m
[1m[31m[7m [0m [91m        ~~~~~~~~~~~~~~~~~~~~~~~~~~~~~~~~~[0m[39m[22m
[1m[31m[39m[22m
[1m[31m  [96msrc/app/Residences/residence-details/residence-details.component.ts[0m:[93m8[0m:[93m16[0m[39m[22m
[1m[31m    [7m8[0m   templateUrl: './residence-details.component.html',[39m[22m
[1m[31m    [7m [0m [96m               ~~~~~~~~~~~~~~~~~~~~~~~~~~~~~~~~~~~~[0m[39m[22m
[1m[31m    Error occurs in the template of component ResidenceDetailsComponent.[39m[22m
[1m[31m[39m[22m
[1m[31m[39m[22m
[1m[31m[0m[91mError: [39m[31m[0m[96msrc/app/Residences/residence-details/residence-details.component.html[0m:[93m5[0m:[93m9[0m - 
[91merror[0m[90m NG8002: [0mCan't bind to 'routerLink' since it isn't a known property of 'button'.[39m[22m
[1m[31m[39m[22m
[1m[31m[7m5[0m <button [routerLink]="['/update-residence', residence.id]">Update Residence</button>[39m[22m
[1m[31m[7m [0m [91m        ~~~~~~~~~~~~~~~~~~~~~~~~~~~~~~~~~~~~~~~~~~~~~~~~~~[0m[39m[22m
[1m[31m[39m[22m
[1m[31m  [96msrc/app/Residences/residence-details/residence-details.component.ts[0m:[93m8[0m:[93m16[0m[39m[22m
[1m[31m    [7m8[0m   templateUrl: './residence-details.component.html',[39m[22m
[1m[31m    [7m [0m [96m               ~~~~~~~~~~~~~~~~~~~~~~~~~~~~~~~~~~~~[0m[39m[22m
[1m[31m    Error occurs in the template of component ResidenceDetailsComponent.[39m[22m
[1m[31m[39m[22m
[1m[31m[39m[22m
[1m[31m[0m[91mError: [39m[31m[0m[96msrc/app/Residences/residence-details/residence-details.component.ts[0m:[93m22[0m:[93m27[0m - 
[91merror[0m[90m TS2339: [0mProperty 'getResidences' does not exist on type 'ResidenceService'.[39m[22m
[1m[31m[39m[22m
[1m[31m[7m22[0m     this.residenceService.getResidences(id).subscribe((data) => {[39m[22m
[1m[31m[7m  [0m [91m                          ~~~~~~~~~~~~~[0m[39m[22m
[1m[31m[39m[22m
[1m[31m[39m[22m
[1m[31m[0m[91mError: [39m[31m[0m[96msrc/app/Residences/residence-details/residence-details.component.ts[0m:[93m22[0m:[93m56[0m - 
[91merror[0m[90m TS7006: [0mParameter 'data' implicitly has an 'any' type.[39m[22m
[1m[31m[39m[22m
[1m[31m[7m22[0m     this.residenceService.getResidences(id).subscribe((data) => {[39m[22m
[1m[31m[7m  [0m [91m                                                       ~~~~[0m[39m[22m
[1m[31m[39m[22m
[1m[31m[39m[22m
[1m[31m[0m[91mError: [39m[31m[0m[96msrc/app/Residences/residences/residences.component.html[0m:[93m3[0m:[93m13[0m - 
[91merror[0m[90m NG8002: [0mCan't bind to 'routerLink' since it isn't a known property of 'button'.[39m[22m
[1m[31m[39m[22m
[1m[31m[7m3[0m     <button [routerLink]="['/apartments-by-residence', residence.id]">Appartements List</button>[39m[22m
[1m[31m[7m [0m [91m            ~~~~~~~~~~~~~~~~~~~~~~~~~~~~~~~~~~~~~~~~~~~~~~~~~~~~~~~~~[0m[39m[22m
[1m[31m[39m[22m
[1m[31m  [96msrc/app/Residences/residences/residences.component.ts[0m:[93m5[0m:[93m16[0m[39m[22m
[1m[31m    [7m5[0m   templateUrl: './residences.component.html',[39m[22m
[1m[31m    [7m [0m [96m               ~~~~~~~~~~~~~~~~~~~~~~~~~~~~~[0m[39m[22m
[1m[31m    Error occurs in the template of component ResidencesComponent.[39m[22m
[1m[31m[39m[22m
[1m[31m[39m[22m
[1m[31m[0m[91mError: [39m[31m[0m[96msrc/app/home/home.component.html[0m:[93m5[0m:[93m11[0m - [91merror[0m[90m NG8002: 
[0mCan't bind to 'routerLink' since it isn't a known property of 'button'.[39m[22m
[1m[31m[39m[22m
[1m[31m[7m5[0m   <button [routerLink]="['/residence', residence.id]">D├®tails</button>[39m[22m
[1m[31m[7m [0m [91m          ~~~~~~~~~~~~~~~~~~~~~~~~~~~~~~~~~~~~~~~~~~~[0m[39m[22m
[1m[31m[39m[22m
[1m[31m  [96msrc/app/home/home.component.ts[0m:[93m9[0m:[93m16[0m[39m[22m
[1m[31m    [7m9[0m   templateUrl: './home.component.html',[39m[22m
[1m[31m    [7m [0m [96m               ~~~~~~~~~~~~~~~~~~~~~~~[0m[39m[22m
[1m[31m    Error occurs in the template of component HomeComponent.[39m[22m
[1m[31m[39m[22m
[1m[31m[39m[22m
[1m[31m[0m[91mError: [39m[31m[0m[96msrc/app/home/home.component.ts[0m:[93m4[0m:[93m10[0m - [91merror[0m[90m TS2300: 
[0mDuplicate identifier 'Inject'.[39m[22m
[1m[31m[39m[22m
[1m[31m[7m4[0m import { Inject } from '@angular/core';[39m[22m
[1m[31m[7m [0m [91m         ~~~~~~[0m[39m[22m
[1m[31m[39m[22m
[1m[31m[39m[22m
[1m[31m[0m[91mError: [39m[31m[0m[96msrc/app/home/home.component.ts[0m:[93m5[0m:[93m10[0m - [91merror[0m[90m TS2300: 
[0mDuplicate identifier 'Inject'.[39m[22m
[1m[31m[39m[22m
[1m[31m[7m5[0m import { Inject } from '@angular/core';[39m[22m
[1m[31m[7m [0m [91m         ~~~~~~[0m[39m[22m
[1m[31m[39m[22m
[1m[31m[39m[22m
[1m[31m[0m[91mError: [39m[31m[0m[96msrc/app/home/home.component.ts[0m:[93m18[0m:[93m27[0m - [91merror[0m[90m TS2339: 
[0mProperty 'getResidences' does not exist on type 'ResidenceService'.[39m[22m
[1m[31m[39m[22m
[1m[31m[7m18[0m     this.residenceService.getResidences().subscribe((data) => {[39m[22m
[1m[31m[7m  [0m [91m                          ~~~~~~~~~~~~~[0m[39m[22m
[1m[31m[39m[22m
[1m[31m[39m[22m
[1m[31m[0m[91mError: [39m[31m[0m[96msrc/app/home/home.component.ts[0m:[93m18[0m:[93m54[0m - [91merror[0m[90m TS7006: 
[0mParameter 'data' implicitly has an 'any' type.[39m[22m
[1m[31m[39m[22m
[1m[31m[7m18[0m     this.residenceService.getResidences().subscribe((data) => {[39m[22m
[1m[31m[7m  [0m [91m                                                     ~~~~[0m[39m[22m
[1m[31m[39m[22m
[1m[31m[39m[22m
[1m[31m[39m[22m
